// Jest Snapshot v1, https://goo.gl/fbAQLP

exports[`Wallet renderiza corretamente 1`] = `
ShallowWrapper {
  "length": 1,
  Symbol(enzyme.__root__): [Circular],
  Symbol(enzyme.__unrendered__): <Wallet
    depositar={[Function]}
    sacar={[Function]}
    saldo={20}
/>,
  Symbol(enzyme.__renderer__): Object {
    "batchedUpdates": [Function],
    "getNode": [Function],
    "render": [Function],
    "simulateEvent": [Function],
    "unmount": [Function],
  },
  Symbol(enzyme.__node__): Object {
    "instance": null,
    "key": undefined,
    "nodeType": "host",
    "props": Object {
      "children": Array [
        <h3
          className="saldo"
>
          Saldo da Carteira: 
          20
</h3>,
        <br />,
        <input
          className="input-carteira"
          onChange={[Function]}
/>,
        <button
          className="btn-deposito"
          onClick={[Function]}
>
          Depositar
</button>,
        <button
          className="btn-saque"
          onClick={[Function]}
>
          Sacar
</button>,
      ],
    },
    "ref": null,
    "rendered": Array [
      Object {
        "instance": null,
        "key": undefined,
        "nodeType": "host",
        "props": Object {
          "children": Array [
            "Saldo da Carteira: ",
            20,
          ],
          "className": "saldo",
        },
        "ref": null,
        "rendered": Array [
          "Saldo da Carteira: ",
          20,
        ],
        "type": "h3",
      },
      Object {
        "instance": null,
        "key": undefined,
        "nodeType": "host",
        "props": Object {},
        "ref": null,
        "rendered": null,
        "type": "br",
      },
      Object {
        "instance": null,
        "key": undefined,
        "nodeType": "host",
        "props": Object {
          "className": "input-carteira",
          "onChange": [Function],
        },
        "ref": null,
        "rendered": null,
        "type": "input",
      },
      Object {
        "instance": null,
        "key": undefined,
        "nodeType": "host",
        "props": Object {
          "children": "Depositar",
          "className": "btn-deposito",
          "onClick": [Function],
        },
        "ref": null,
        "rendered": "Depositar",
        "type": "button",
      },
      Object {
        "instance": null,
        "key": undefined,
        "nodeType": "host",
        "props": Object {
          "children": "Sacar",
          "className": "btn-saque",
          "onClick": [Function],
        },
        "ref": null,
        "rendered": "Sacar",
        "type": "button",
      },
    ],
    "type": "div",
  },
  Symbol(enzyme.__nodes__): Array [
    Object {
      "instance": null,
      "key": undefined,
      "nodeType": "host",
      "props": Object {
        "children": Array [
          <h3
            className="saldo"
>
            Saldo da Carteira: 
            20
</h3>,
          <br />,
          <input
            className="input-carteira"
            onChange={[Function]}
/>,
          <button
            className="btn-deposito"
            onClick={[Function]}
>
            Depositar
</button>,
          <button
            className="btn-saque"
            onClick={[Function]}
>
            Sacar
</button>,
        ],
      },
      "ref": null,
      "rendered": Array [
        Object {
          "instance": null,
          "key": undefined,
          "nodeType": "host",
          "props": Object {
            "children": Array [
              "Saldo da Carteira: ",
              20,
            ],
            "className": "saldo",
          },
          "ref": null,
          "rendered": Array [
            "Saldo da Carteira: ",
            20,
          ],
          "type": "h3",
        },
        Object {
          "instance": null,
          "key": undefined,
          "nodeType": "host",
          "props": Object {},
          "ref": null,
          "rendered": null,
          "type": "br",
        },
        Object {
          "instance": null,
          "key": undefined,
          "nodeType": "host",
          "props": Object {
            "className": "input-carteira",
            "onChange": [Function],
          },
          "ref": null,
          "rendered": null,
          "type": "input",
        },
        Object {
          "instance": null,
          "key": undefined,
          "nodeType": "host",
          "props": Object {
            "children": "Depositar",
            "className": "btn-deposito",
            "onClick": [Function],
          },
          "ref": null,
          "rendered": "Depositar",
          "type": "button",
        },
        Object {
          "instance": null,
          "key": undefined,
          "nodeType": "host",
          "props": Object {
            "children": "Sacar",
            "className": "btn-saque",
            "onClick": [Function],
          },
          "ref": null,
          "rendered": "Sacar",
          "type": "button",
        },
      ],
      "type": "div",
    },
  ],
  Symbol(enzyme.__options__): Object {
    "adapter": ReactSixteenAdapter {
      "options": Object {
        "enableComponentDidUpdateOnSetState": true,
      },
    },
    "disableLifecycleMethods": true,
  },
}
`;
